// Jest Snapshot v1, https://goo.gl/fbAQLP

exports[`mathces snapshots 1`] = `
<div>
  <div
    class="Card"
  >
    <h4
      class="Card-title"
    />
    <img
      class="Card-image"
    />
    <small
      class="Card-small"
    >
      Image 
       of 
      .
    </small>
  </div>
</div>
`;
